%!Adobe-FontList 1.23
%Locale:0x409

%BeginFont
Handler:DirectoryHandler
FontType:Invalid
OutlineFileName:/Users/federico/CloudStation/Federico/_ Lavori/Bembo OE/01 Pubblicazioni/Modern Heritage Between Care and Risks/Cover Folder/Document fonts/AdobeFnt23.lst
FileLength:3681
FileModTime:693485101
%EndFont

%BeginFont
Handler:DirectoryHandler
FontType:TrueType
FontName:Spectral-Bold
FamilyName:Spectral
StyleName:Bold
MenuName:Spectral
StyleBits:2
WeightClass:700
WidthClass:5
AngleClass:0
FullName:Spectral Bold
WritingScript:Roman
OutlineFileName:/Users/federico/CloudStation/Federico/_ Lavori/Bembo OE/01 Pubblicazioni/Modern Heritage Between Care and Risks/Cover Folder/Document fonts/Spectral-Bold.ttf
DataFormat:sfntData
hasSVG:no
VariableFontType:NonVariableFont
FileLength:277548
FileModTime:518911200
NameArray:0,Win,1,Spectral
%EndFont

%BeginFont
Handler:DirectoryHandler
FontType:TrueType
FontName:Spectral-ExtraBold
FamilyName:Spectral
StyleName:ExtraBold
MenuName:Spectral ExtraBold
StyleBits:0
WeightClass:800
WidthClass:5
AngleClass:0
FullName:Spectral ExtraBold
WritingScript:Roman
OutlineFileName:/Users/federico/CloudStation/Federico/_ Lavori/Bembo OE/01 Pubblicazioni/Modern Heritage Between Care and Risks/Cover Folder/Document fonts/Spectral-ExtraBold.ttf
DataFormat:sfntData
hasSVG:no
VariableFontType:NonVariableFont
FileLength:263596
FileModTime:518911200
NameArray:0,Win,1,Spectral ExtraBold
NameArray:0,Win,16,Spectral
%EndFont

%BeginFont
Handler:DirectoryHandler
FontType:TrueType
FontName:Spectral-Medium
FamilyName:Spectral
StyleName:Medium
MenuName:Spectral Medium
StyleBits:0
WeightClass:500
WidthClass:5
AngleClass:0
FullName:Spectral Medium
WritingScript:Roman
OutlineFileName:/Users/federico/CloudStation/Federico/_ Lavori/Bembo OE/01 Pubblicazioni/Modern Heritage Between Care and Risks/Cover Folder/Document fonts/Spectral-Medium.ttf
DataFormat:sfntData
hasSVG:no
VariableFontType:NonVariableFont
FileLength:276884
FileModTime:518911200
NameArray:0,Win,1,Spectral Medium
NameArray:0,Win,16,Spectral
%EndFont

%BeginFont
Handler:DirectoryHandler
FontType:TrueType
FontName:Spectral-Regular
FamilyName:Spectral
StyleName:Regular
MenuName:Spectral
StyleBits:0
WeightClass:400
WidthClass:5
AngleClass:0
FullName:Spectral Regular
WritingScript:Roman
OutlineFileName:/Users/federico/CloudStation/Federico/_ Lavori/Bembo OE/01 Pubblicazioni/Modern Heritage Between Care and Risks/Cover Folder/Document fonts/Spectral-Regular.ttf
DataFormat:sfntData
hasSVG:no
VariableFontType:NonVariableFont
FileLength:263144
FileModTime:518911200
NameArray:0,Win,1,Spectral
%EndFont

%BeginFont
Handler:DirectoryHandler
FontType:TrueType
FontName:Staatliches-Regular
FamilyName:Staatliches
StyleName:Regular
MenuName:Staatliches
StyleBits:0
WeightClass:400
WidthClass:5
AngleClass:0
FullName:Staatliches Regular
WritingScript:Roman
OutlineFileName:/Users/federico/CloudStation/Federico/_ Lavori/Bembo OE/01 Pubblicazioni/Modern Heritage Between Care and Risks/Cover Folder/Document fonts/Staatliches-Regular.ttf
DataFormat:sfntData
hasSVG:no
VariableFontType:NonVariableFont
FileLength:61312
FileModTime:566006400
NameArray:0,Win,1,Staatliches
%EndFont

%BeginFont
Handler:DirectoryHandler
FontType:TrueType
FontName:Trocchi-Regular
FamilyName:Trocchi
StyleName:Regular
MenuName:Trocchi
StyleBits:0
WeightClass:400
WidthClass:5
AngleClass:0
FullName:Trocchi Regular
WritingScript:Roman
OutlineFileName:/Users/federico/CloudStation/Federico/_ Lavori/Bembo OE/01 Pubblicazioni/Modern Heritage Between Care and Risks/Cover Folder/Document fonts/Trocchi-Regular.ttf
DataFormat:sfntData
hasSVG:no
VariableFontType:NonVariableFont
FileLength:64004
FileModTime:355183200
NameArray:0,Win,1,Trocchi
%EndFont

%BeginFont
Handler:DirectoryHandler
FontType:Invalid
OutlineFileName:/Users/federico/CloudStation/Federico/_ Lavori/Bembo OE/01 Pubblicazioni/Modern Heritage Between Care and Risks/cover Folder/Document fonts/AdobeFnt23.lst
%EndFont

%BeginFont
Handler:DirectoryHandler
FontType:TrueType
FontName:Spectral-Bold
FamilyName:Spectral
StyleName:Bold
MenuName:Spectral
StyleBits:2
WeightClass:700
WidthClass:5
AngleClass:0
FullName:Spectral Bold
WritingScript:Roman
OutlineFileName:/Users/federico/CloudStation/Federico/_ Lavori/Bembo OE/01 Pubblicazioni/Modern Heritage Between Care and Risks/cover Folder/Document fonts/Spectral-Bold.ttf
DataFormat:sfntData
hasSVG:no
VariableFontType:NonVariableFont
FileLength:277548
FileModTime:518911200
NameArray:0,Win,1,Spectral
%EndFont

%BeginFont
Handler:DirectoryHandler
FontType:TrueType
FontName:Spectral-ExtraBold
FamilyName:Spectral
StyleName:ExtraBold
MenuName:Spectral ExtraBold
StyleBits:0
WeightClass:800
WidthClass:5
AngleClass:0
FullName:Spectral ExtraBold
WritingScript:Roman
OutlineFileName:/Users/federico/CloudStation/Federico/_ Lavori/Bembo OE/01 Pubblicazioni/Modern Heritage Between Care and Risks/cover Folder/Document fonts/Spectral-ExtraBold.ttf
DataFormat:sfntData
hasSVG:no
VariableFontType:NonVariableFont
FileLength:263596
FileModTime:518911200
NameArray:0,Win,1,Spectral ExtraBold
NameArray:0,Win,16,Spectral
%EndFont

%BeginFont
Handler:DirectoryHandler
FontType:TrueType
FontName:Spectral-Medium
FamilyName:Spectral
StyleName:Medium
MenuName:Spectral Medium
StyleBits:0
WeightClass:500
WidthClass:5
AngleClass:0
FullName:Spectral Medium
WritingScript:Roman
OutlineFileName:/Users/federico/CloudStation/Federico/_ Lavori/Bembo OE/01 Pubblicazioni/Modern Heritage Between Care and Risks/cover Folder/Document fonts/Spectral-Medium.ttf
DataFormat:sfntData
hasSVG:no
VariableFontType:NonVariableFont
FileLength:276884
FileModTime:518911200
NameArray:0,Win,1,Spectral Medium
NameArray:0,Win,16,Spectral
%EndFont

%BeginFont
Handler:DirectoryHandler
FontType:TrueType
FontName:Spectral-Regular
FamilyName:Spectral
StyleName:Regular
MenuName:Spectral
StyleBits:0
WeightClass:400
WidthClass:5
AngleClass:0
FullName:Spectral Regular
WritingScript:Roman
OutlineFileName:/Users/federico/CloudStation/Federico/_ Lavori/Bembo OE/01 Pubblicazioni/Modern Heritage Between Care and Risks/cover Folder/Document fonts/Spectral-Regular.ttf
DataFormat:sfntData
hasSVG:no
VariableFontType:NonVariableFont
FileLength:263144
FileModTime:518911200
NameArray:0,Win,1,Spectral
%EndFont

%BeginFont
Handler:DirectoryHandler
FontType:TrueType
FontName:Staatliches-Regular
FamilyName:Staatliches
StyleName:Regular
MenuName:Staatliches
StyleBits:0
WeightClass:400
WidthClass:5
AngleClass:0
FullName:Staatliches Regular
WritingScript:Roman
OutlineFileName:/Users/federico/CloudStation/Federico/_ Lavori/Bembo OE/01 Pubblicazioni/Modern Heritage Between Care and Risks/cover Folder/Document fonts/Staatliches-Regular.ttf
DataFormat:sfntData
hasSVG:no
VariableFontType:NonVariableFont
FileLength:61312
FileModTime:566006400
NameArray:0,Win,1,Staatliches
%EndFont

%BeginFont
Handler:DirectoryHandler
FontType:TrueType
FontName:Trocchi-Regular
FamilyName:Trocchi
StyleName:Regular
MenuName:Trocchi
StyleBits:0
WeightClass:400
WidthClass:5
AngleClass:0
FullName:Trocchi Regular
WritingScript:Roman
OutlineFileName:/Users/federico/CloudStation/Federico/_ Lavori/Bembo OE/01 Pubblicazioni/Modern Heritage Between Care and Risks/cover Folder/Document fonts/Trocchi-Regular.ttf
DataFormat:sfntData
hasSVG:no
VariableFontType:NonVariableFont
FileLength:64004
FileModTime:355183200
NameArray:0,Win,1,Trocchi
%EndFont

